# name: test_parse_recipe_tips_html_to_markdown
  _ExtractedRecipe(title='Chile Crisp Fettuccine Alfredo With Spinach', total_time='25 mins', yields='6 servings', instructions=['Bring a large pot of salted water to a boil. While the water heats, melt the butter with the chile crisp in a very large skillet or Dutch oven over low heat.', 'Whisk in the cream and keep warm over low. (It should steam, not bubble.)', 'Cook the fettuccine until al dente according to the package directions. Use tongs to transfer the noodles to the cream mixture, reserving the pasta water.', 'Add the spinach and turn with tongs until the noodles are well coated.', 'Add the Parmesan and toss, still over low heat, until the noodles are slicked with a creamy sauce, adding a spoonful or two of pasta water if needed to loosen the sauce. Divide among serving dishes and top with Parmesan and more chile crisp, if youâ€™d like. Serve immediately.', '**Tips**\nYou can make [chile crisp](https://cooking.nytimes.com/recipes/1022366-chile-crisp) easily at home or buy it in supermarkets or online. It varies in spiciness, so adjust the amount to your taste. For this dish, try to add more of the solids than the oil to the sauce for the most flavorful dish.'], ingredient_groups=[_IngredientGroup(name=None, ingredients=['Salt', '4 tablespoons butter', '1 to 2 tablespoons chile crisp, plus more to taste (see Tip)', '1 cup heavy cream', '1 pound dried fettuccine', '1 (5-ounce) package baby spinach', '3/4 cup finely grated Parmesan (2 1/4 ounces), plus more for serving'])], author='Genevieve Ko', canonical_url='https://cooking.nytimes.com/recipes/1023609-chile-crisp-fettuccine-alfredo-with-spinach', image_urls=['https://static01.nyt.com/images/2022/11/02/dining/27korex-alfredo/26korex-alfredo-threeByTwoMediumAt2X.jpg', 'https://static01.nyt.com/images/2022/11/02/dining/27korex-alfredo/27korex-alfredo-square640-v2.jpg'])
# ---
